// Jest Snapshot v1, https://goo.gl/fbAQLP

exports[`should render ok 1`] = `
<header
  className="header"
>
  <div
    className="header__box"
  >
    <a
      aria-current="page"
      className="navigation__link navigation__link--header active"
      href="#/"
      onClick={[Function]}
    >
      <h1
        className="header__title"
      >
        <img
          alt="logo"
          height={50}
          src="logo.png"
          width={50}
        />
        Users List
      </h1>
    </a>
    <nav>
      <a
        aria-current="page"
        className="navigation__link active"
        href="#/"
        onClick={[Function]}
      >
        Home
      </a>
    </nav>
  </div>
</header>
`;
